// Jest Snapshot v1, https://goo.gl/fbAQLP

exports[`should render EditExpense 1`] = `
<div>
  <ExpenseForm
    expense={
      Object {
        "amount": 195,
        "description": "Gum",
        "note": "",
      }
    }
    onSubmit={[Function]}
  />
  <button
    onClick={[Function]}
  >
    Remove
  </button>
</div>
`;
