// Jest Snapshot v1, https://goo.gl/fbAQLP

exports[`should render NotFoundPage correctly 1`] = `
<div
  align="center"
>
  404 - 
  <Link
    replace={false}
    to="/"
  >
    Go to home
  </Link>
</div>
`;
